gitspec.targetRepo should match snapshot:
  1: |
    https://github.com/pattern-clone/mypattern
